// Jest Snapshot v1, https://goo.gl/fbAQLP

exports[`<App /> renders 1`] = `
<body>
  <div>
    <div
      class="css-xbrsic-App"
      data-testid="wrapper"
    >
      <div
        class="css-14i7p5k-Header"
        data-testid="header"
      >
        <div
          data-testid="title"
        >
          Order Book
        </div>
        <div
          class="css-1ro6dqh-Spread"
          data-testid="spread-data"
        >
          Spread: 0.0 (0%)
        </div>
        <select
          class="css-1bn48zu-GroupSelect"
          data-testid="market-group"
          name="market-group"
        >
          <option
            value="0.5"
          >
            Group 0.5
          </option>
          <option
            value="1"
          >
            Group 1
          </option>
          <option
            value="2.5"
          >
            Group 2.5
          </option>
        </select>
      </div>
      <div
        class="css-qw88vv-FeedContainer"
      >
        <div
          class="css-1cl7lhk-FeedColumn"
        >
          <div
            class="css-t1a240-FeedRow"
          >
            <span>
              TOTAL
            </span>
            <span>
              SIZE
            </span>
            <span>
              PRICE
            </span>
          </div>
          <div
            class="css-1bkq1c3-FeedRow"
          >
            <span
              class="total"
            >
              0
            </span>
            <span
              class="size"
            >
              0
            </span>
            <span
              class="price"
            >
              0.00
            </span>
          </div>
          <div
            class="css-1bkq1c3-FeedRow"
          >
            <span
              class="total"
            >
              0
            </span>
            <span
              class="size"
            >
              0
            </span>
            <span
              class="price"
            >
              0.00
            </span>
          </div>
        </div>
        <div
          class="css-1lr1k6l-Spread"
          data-testid="spread-data"
        >
          Spread: 0.0 (0%)
        </div>
        <div
          class="css-1cl7lhk-FeedColumn"
        >
          <div
            class="css-q7h5nl-FeedRow"
          >
            <span>
              TOTAL
            </span>
            <span>
              SIZE
            </span>
            <span>
              PRICE
            </span>
          </div>
          <div
            class="css-1bt4gd7-FeedRow"
          >
            <span
              class="total"
            >
              0
            </span>
            <span
              class="size"
            >
              0
            </span>
            <span
              class="price"
            >
              0.00
            </span>
          </div>
          <div
            class="css-1bt4gd7-FeedRow"
          >
            <span
              class="total"
            >
              0
            </span>
            <span
              class="size"
            >
              0
            </span>
            <span
              class="price"
            >
              0.00
            </span>
          </div>
        </div>
      </div>
      <div
        class="css-4bbvyn-FeedFooter"
      >
        <div
          class="css-10sfhb4-ToggleFeedButton"
        >
          Toggle Feed
        </div>
        <div
          class="css-127tpaj-KillFeedButton"
        >
          Kill Feed
        </div>
      </div>
    </div>
  </div>
</body>
`;
